Runtime Error> directory_iterator::directory_iterator: Системе не удается найти указанный путь.
